// Jest Snapshot v1, https://goo.gl/fbAQLP

exports[`<Select /> should render the Select 1`] = `
<body>
  <div>
    <div
      class="card"
      data-testid="photo-card"
    >
      <div
        class="id"
      >
        1
      </div>
      <img
        class="thumbnail"
        src="http://ololacin.vn/hab"
      />
      kigasvo
    </div>
  </div>
</body>
`;
